Timing Analyzer report for cnt_dly_SLG46620
Sun Sep 12 13:40:23 2021
Quartus Prime Version 18.1.0 Build 625 09/12/2018 SJ Standard Edition


---------------------
; Table of Contents ;
---------------------
  1. Legal Notice
  2. Timing Analyzer Summary
  3. Parallel Compilation
  4. Clocks
  5. Slow 1100mV 85C Model Fmax Summary
  6. Timing Closure Recommendations
  7. Slow 1100mV 85C Model Setup Summary
  8. Slow 1100mV 85C Model Hold Summary
  9. Slow 1100mV 85C Model Recovery Summary
 10. Slow 1100mV 85C Model Removal Summary
 11. Slow 1100mV 85C Model Minimum Pulse Width Summary
 12. Slow 1100mV 85C Model Metastability Summary
 13. Slow 1100mV 0C Model Fmax Summary
 14. Slow 1100mV 0C Model Setup Summary
 15. Slow 1100mV 0C Model Hold Summary
 16. Slow 1100mV 0C Model Recovery Summary
 17. Slow 1100mV 0C Model Removal Summary
 18. Slow 1100mV 0C Model Minimum Pulse Width Summary
 19. Slow 1100mV 0C Model Metastability Summary
 20. Fast 1100mV 85C Model Setup Summary
 21. Fast 1100mV 85C Model Hold Summary
 22. Fast 1100mV 85C Model Recovery Summary
 23. Fast 1100mV 85C Model Removal Summary
 24. Fast 1100mV 85C Model Minimum Pulse Width Summary
 25. Fast 1100mV 85C Model Metastability Summary
 26. Fast 1100mV 0C Model Setup Summary
 27. Fast 1100mV 0C Model Hold Summary
 28. Fast 1100mV 0C Model Recovery Summary
 29. Fast 1100mV 0C Model Removal Summary
 30. Fast 1100mV 0C Model Minimum Pulse Width Summary
 31. Fast 1100mV 0C Model Metastability Summary
 32. Multicorner Timing Analysis Summary
 33. Board Trace Model Assignments
 34. Input Transition Times
 35. Signal Integrity Metrics (Slow 1100mv 0c Model)
 36. Signal Integrity Metrics (Slow 1100mv 85c Model)
 37. Signal Integrity Metrics (Fast 1100mv 0c Model)
 38. Signal Integrity Metrics (Fast 1100mv 85c Model)
 39. Setup Transfers
 40. Hold Transfers
 41. Recovery Transfers
 42. Removal Transfers
 43. Report TCCS
 44. Report RSKM
 45. Unconstrained Paths Summary
 46. Clock Status Summary
 47. Unconstrained Input Ports
 48. Unconstrained Output Ports
 49. Unconstrained Input Ports
 50. Unconstrained Output Ports
 51. Timing Analyzer Messages



----------------
; Legal Notice ;
----------------
Copyright (C) 2018  Intel Corporation. All rights reserved.
Your use of Intel Corporation's design tools, logic functions 
and other software and tools, and its AMPP partner logic 
functions, and any output files from any of the foregoing 
(including device programming or simulation files), and any 
associated documentation or information are expressly subject 
to the terms and conditions of the Intel Program License 
Subscription Agreement, the Intel Quartus Prime License Agreement,
the Intel FPGA IP License Agreement, or other applicable license
agreement, including, without limitation, that your use is for
the sole purpose of programming logic devices manufactured by
Intel and sold by Intel or its authorized distributors.  Please
refer to the applicable agreement for further details.



+---------------------------------------------------------------------------------+
; Timing Analyzer Summary                                                         ;
+-----------------------+---------------------------------------------------------+
; Quartus Prime Version ; Version 18.1.0 Build 625 09/12/2018 SJ Standard Edition ;
; Timing Analyzer       ; Legacy Timing Analyzer                                  ;
; Revision Name         ; cnt_dly_SLG46620                                        ;
; Device Family         ; Cyclone V                                               ;
; Device Name           ; 5CEFA2F23C6                                             ;
; Timing Models         ; Final                                                   ;
; Delay Model           ; Combined                                                ;
; Rise/Fall Delays      ; Enabled                                                 ;
+-----------------------+---------------------------------------------------------+


+------------------------------------------+
; Parallel Compilation                     ;
+----------------------------+-------------+
; Processors                 ; Number      ;
+----------------------------+-------------+
; Number detected on machine ; 8           ;
; Maximum allowed            ; 4           ;
;                            ;             ;
; Average used               ; 1.17        ;
; Maximum used               ; 4           ;
;                            ;             ;
; Usage by Processor         ; % Time Used ;
;     Processor 1            ; 100.0%      ;
;     Processor 2            ;   5.8%      ;
;     Processor 3            ;   5.6%      ;
;     Processor 4            ;   5.6%      ;
+----------------------------+-------------+


+--------------------------------------------------------------------------------------------------------------------------------------------------------------------------------------------------------------------------+
; Clocks                                                                                                                                                                                                                   ;
+-----------------------------+------+--------+------------+-------+-------+------------+-----------+-------------+-------+--------+-----------+------------+----------+--------+--------+---------------------------------+
; Clock Name                  ; Type ; Period ; Frequency  ; Rise  ; Fall  ; Duty Cycle ; Divide by ; Multiply by ; Phase ; Offset ; Edge List ; Edge Shift ; Inverted ; Master ; Source ; Targets                         ;
+-----------------------------+------+--------+------------+-------+-------+------------+-----------+-------------+-------+--------+-----------+------------+----------+--------+--------+---------------------------------+
; i_clk_source_mux[0]         ; Base ; 1.000  ; 1000.0 MHz ; 0.000 ; 0.500 ;            ;           ;             ;       ;        ;           ;            ;          ;        ;        ; { i_clk_source_mux[0] }         ;
; i_edge_reset_mode_select[0] ; Base ; 1.000  ; 1000.0 MHz ; 0.000 ; 0.500 ;            ;           ;             ;       ;        ;           ;            ;          ;        ;        ; { i_edge_reset_mode_select[0] } ;
+-----------------------------+------+--------+------------+-------+-------+------------+-----------+-------------+-------+--------+-----------+------------+----------+--------+--------+---------------------------------+


+------------------------------------------------------------------+
; Slow 1100mV 85C Model Fmax Summary                               ;
+-----------+-----------------+-----------------------------+------+
; Fmax      ; Restricted Fmax ; Clock Name                  ; Note ;
+-----------+-----------------+-----------------------------+------+
; 53.07 MHz ; 53.07 MHz       ; i_clk_source_mux[0]         ;      ;
; 98.89 MHz ; 98.89 MHz       ; i_edge_reset_mode_select[0] ;      ;
+-----------+-----------------+-----------------------------+------+
This panel reports FMAX for every clock in the design, regardless of the user-specified clock periods.  FMAX is only computed for paths where the source and destination registers or ports are driven by the same clock.  Paths of different clocks, including generated clocks, are ignored.  For paths between a clock and its inversion, FMAX is computed as if the rising and falling edges are scaled along with FMAX, such that the duty cycle (in terms of a percentage) is maintained. Altera recommends that you always use clock constraints and other slack reports for sign-off analysis.


----------------------------------
; Timing Closure Recommendations ;
----------------------------------
HTML report is unavailable in plain text report export.


+------------------------------------------------------+
; Slow 1100mV 85C Model Setup Summary                  ;
+-----------------------------+--------+---------------+
; Clock                       ; Slack  ; End Point TNS ;
+-----------------------------+--------+---------------+
; i_clk_source_mux[0]         ; -9.555 ; -139.766      ;
; i_edge_reset_mode_select[0] ; -7.665 ; -103.263      ;
+-----------------------------+--------+---------------+


+------------------------------------------------------+
; Slow 1100mV 85C Model Hold Summary                   ;
+-----------------------------+--------+---------------+
; Clock                       ; Slack  ; End Point TNS ;
+-----------------------------+--------+---------------+
; i_clk_source_mux[0]         ; -2.894 ; -5.983        ;
; i_edge_reset_mode_select[0] ; 0.063  ; 0.000         ;
+-----------------------------+--------+---------------+


+----------------------------------------------+
; Slow 1100mV 85C Model Recovery Summary       ;
+---------------------+--------+---------------+
; Clock               ; Slack  ; End Point TNS ;
+---------------------+--------+---------------+
; i_clk_source_mux[0] ; -4.587 ; -46.095       ;
+---------------------+--------+---------------+


+----------------------------------------------+
; Slow 1100mV 85C Model Removal Summary        ;
+---------------------+--------+---------------+
; Clock               ; Slack  ; End Point TNS ;
+---------------------+--------+---------------+
; i_clk_source_mux[0] ; -2.764 ; -35.696       ;
+---------------------+--------+---------------+


+------------------------------------------------------+
; Slow 1100mV 85C Model Minimum Pulse Width Summary    ;
+-----------------------------+--------+---------------+
; Clock                       ; Slack  ; End Point TNS ;
+-----------------------------+--------+---------------+
; i_clk_source_mux[0]         ; -1.273 ; -70.502       ;
; i_edge_reset_mode_select[0] ; -0.170 ; -0.297        ;
+-----------------------------+--------+---------------+


-----------------------------------------------
; Slow 1100mV 85C Model Metastability Summary ;
-----------------------------------------------
No synchronizer chains to report.


+-------------------------------------------------------------------+
; Slow 1100mV 0C Model Fmax Summary                                 ;
+------------+-----------------+-----------------------------+------+
; Fmax       ; Restricted Fmax ; Clock Name                  ; Note ;
+------------+-----------------+-----------------------------+------+
; 54.14 MHz  ; 54.14 MHz       ; i_clk_source_mux[0]         ;      ;
; 101.34 MHz ; 101.34 MHz      ; i_edge_reset_mode_select[0] ;      ;
+------------+-----------------+-----------------------------+------+
This panel reports FMAX for every clock in the design, regardless of the user-specified clock periods.  FMAX is only computed for paths where the source and destination registers or ports are driven by the same clock.  Paths of different clocks, including generated clocks, are ignored.  For paths between a clock and its inversion, FMAX is computed as if the rising and falling edges are scaled along with FMAX, such that the duty cycle (in terms of a percentage) is maintained. Altera recommends that you always use clock constraints and other slack reports for sign-off analysis.


+------------------------------------------------------+
; Slow 1100mV 0C Model Setup Summary                   ;
+-----------------------------+--------+---------------+
; Clock                       ; Slack  ; End Point TNS ;
+-----------------------------+--------+---------------+
; i_clk_source_mux[0]         ; -9.301 ; -137.179      ;
; i_edge_reset_mode_select[0] ; -7.442 ; -99.496       ;
+-----------------------------+--------+---------------+


+------------------------------------------------------+
; Slow 1100mV 0C Model Hold Summary                    ;
+-----------------------------+--------+---------------+
; Clock                       ; Slack  ; End Point TNS ;
+-----------------------------+--------+---------------+
; i_clk_source_mux[0]         ; -2.733 ; -5.268        ;
; i_edge_reset_mode_select[0] ; 0.039  ; 0.000         ;
+-----------------------------+--------+---------------+


+----------------------------------------------+
; Slow 1100mV 0C Model Recovery Summary        ;
+---------------------+--------+---------------+
; Clock               ; Slack  ; End Point TNS ;
+---------------------+--------+---------------+
; i_clk_source_mux[0] ; -4.486 ; -44.488       ;
+---------------------+--------+---------------+


+----------------------------------------------+
; Slow 1100mV 0C Model Removal Summary         ;
+---------------------+--------+---------------+
; Clock               ; Slack  ; End Point TNS ;
+---------------------+--------+---------------+
; i_clk_source_mux[0] ; -2.551 ; -33.154       ;
+---------------------+--------+---------------+


+------------------------------------------------------+
; Slow 1100mV 0C Model Minimum Pulse Width Summary     ;
+-----------------------------+--------+---------------+
; Clock                       ; Slack  ; End Point TNS ;
+-----------------------------+--------+---------------+
; i_clk_source_mux[0]         ; -1.312 ; -72.011       ;
; i_edge_reset_mode_select[0] ; -0.123 ; -0.244        ;
+-----------------------------+--------+---------------+


----------------------------------------------
; Slow 1100mV 0C Model Metastability Summary ;
----------------------------------------------
No synchronizer chains to report.


+------------------------------------------------------+
; Fast 1100mV 85C Model Setup Summary                  ;
+-----------------------------+--------+---------------+
; Clock                       ; Slack  ; End Point TNS ;
+-----------------------------+--------+---------------+
; i_clk_source_mux[0]         ; -5.782 ; -84.220       ;
; i_edge_reset_mode_select[0] ; -4.021 ; -53.735       ;
+-----------------------------+--------+---------------+


+------------------------------------------------------+
; Fast 1100mV 85C Model Hold Summary                   ;
+-----------------------------+--------+---------------+
; Clock                       ; Slack  ; End Point TNS ;
+-----------------------------+--------+---------------+
; i_clk_source_mux[0]         ; -1.704 ; -2.700        ;
; i_edge_reset_mode_select[0] ; 0.101  ; 0.000         ;
+-----------------------------+--------+---------------+


+----------------------------------------------+
; Fast 1100mV 85C Model Recovery Summary       ;
+---------------------+--------+---------------+
; Clock               ; Slack  ; End Point TNS ;
+---------------------+--------+---------------+
; i_clk_source_mux[0] ; -3.423 ; -22.652       ;
+---------------------+--------+---------------+


+----------------------------------------------+
; Fast 1100mV 85C Model Removal Summary        ;
+---------------------+--------+---------------+
; Clock               ; Slack  ; End Point TNS ;
+---------------------+--------+---------------+
; i_clk_source_mux[0] ; -1.725 ; -22.695       ;
+---------------------+--------+---------------+


+------------------------------------------------------+
; Fast 1100mV 85C Model Minimum Pulse Width Summary    ;
+-----------------------------+--------+---------------+
; Clock                       ; Slack  ; End Point TNS ;
+-----------------------------+--------+---------------+
; i_clk_source_mux[0]         ; -0.815 ; -23.101       ;
; i_edge_reset_mode_select[0] ; -0.378 ; -4.011        ;
+-----------------------------+--------+---------------+


-----------------------------------------------
; Fast 1100mV 85C Model Metastability Summary ;
-----------------------------------------------
No synchronizer chains to report.


+------------------------------------------------------+
; Fast 1100mV 0C Model Setup Summary                   ;
+-----------------------------+--------+---------------+
; Clock                       ; Slack  ; End Point TNS ;
+-----------------------------+--------+---------------+
; i_clk_source_mux[0]         ; -5.213 ; -76.246       ;
; i_edge_reset_mode_select[0] ; -3.529 ; -47.319       ;
+-----------------------------+--------+---------------+


+------------------------------------------------------+
; Fast 1100mV 0C Model Hold Summary                    ;
+-----------------------------+--------+---------------+
; Clock                       ; Slack  ; End Point TNS ;
+-----------------------------+--------+---------------+
; i_clk_source_mux[0]         ; -1.571 ; -2.195        ;
; i_edge_reset_mode_select[0] ; 0.065  ; 0.000         ;
+-----------------------------+--------+---------------+


+----------------------------------------------+
; Fast 1100mV 0C Model Recovery Summary        ;
+---------------------+--------+---------------+
; Clock               ; Slack  ; End Point TNS ;
+---------------------+--------+---------------+
; i_clk_source_mux[0] ; -3.022 ; -19.290       ;
+---------------------+--------+---------------+


+----------------------------------------------+
; Fast 1100mV 0C Model Removal Summary         ;
+---------------------+--------+---------------+
; Clock               ; Slack  ; End Point TNS ;
+---------------------+--------+---------------+
; i_clk_source_mux[0] ; -1.560 ; -20.746       ;
+---------------------+--------+---------------+


+------------------------------------------------------+
; Fast 1100mV 0C Model Minimum Pulse Width Summary     ;
+-----------------------------+--------+---------------+
; Clock                       ; Slack  ; End Point TNS ;
+-----------------------------+--------+---------------+
; i_clk_source_mux[0]         ; -0.781 ; -22.365       ;
; i_edge_reset_mode_select[0] ; -0.291 ; -3.158        ;
+-----------------------------+--------+---------------+


----------------------------------------------
; Fast 1100mV 0C Model Metastability Summary ;
----------------------------------------------
No synchronizer chains to report.


+---------------------------------------------------------------------------------------------+
; Multicorner Timing Analysis Summary                                                         ;
+------------------------------+----------+--------+----------+---------+---------------------+
; Clock                        ; Setup    ; Hold   ; Recovery ; Removal ; Minimum Pulse Width ;
+------------------------------+----------+--------+----------+---------+---------------------+
; Worst-case Slack             ; -9.555   ; -2.894 ; -4.587   ; -2.764  ; -1.312              ;
;  i_clk_source_mux[0]         ; -9.555   ; -2.894 ; -4.587   ; -2.764  ; -1.312              ;
;  i_edge_reset_mode_select[0] ; -7.665   ; 0.039  ; N/A      ; N/A     ; -0.378              ;
; Design-wide TNS              ; -243.029 ; -5.983 ; -46.095  ; -35.696 ; -72.255             ;
;  i_clk_source_mux[0]         ; -139.766 ; -5.983 ; -46.095  ; -35.696 ; -72.011             ;
;  i_edge_reset_mode_select[0] ; -103.263 ; 0.000  ; N/A      ; N/A     ; -4.011              ;
+------------------------------+----------+--------+----------+---------+---------------------+


+----------------------------------------------------------------------------------------------------------------------------------------------------------------------------------------------------------------------------------------------------------------------------------------------------------------------------------------------------------------------------------------------------------------------+
; Board Trace Model Assignments                                                                                                                                                                                                                                                                                                                                                                                        ;
+-------------------+--------------+-------------------+-------------------------+-------------------------+---------------+---------------------+----------------+------------------+--------+------------------+------------------------+------------------------+--------------+---------------+-----------------+-------+---------------------+--------------------+---------------+-----------------+-------------+
; Pin               ; I/O Standard ; Near Tline Length ; Near Tline L per Length ; Near Tline C per Length ; Near Series R ; Near Differential R ; Near Pull-up R ; Near Pull-down R ; Near C ; Far Tline Length ; Far Tline L per Length ; Far Tline C per Length ; Far Series R ; Far Pull-up R ; Far Pull-down R ; Far C ; Termination Voltage ; Far Differential R ; EBD File Name ; EBD Signal Name ; EBD Far-end ;
+-------------------+--------------+-------------------+-------------------------+-------------------------+---------------+---------------------+----------------+------------------+--------+------------------+------------------------+------------------------+--------------+---------------+-----------------+-------+---------------------+--------------------+---------------+-----------------+-------------+
; o_edge_detect_out ; 2.5 V        ; 0 in              ; 0 H/in                  ; 0 F/in                  ; short         ; -                   ; open           ; open             ; open   ; 0 in             ; 0 H/in                 ; 0 F/in                 ; short        ; open          ; open            ; open  ; 0 V                 ; -                  ; n/a           ; n/a             ; n/a         ;
; o_out             ; 2.5 V        ; 0 in              ; 0 H/in                  ; 0 F/in                  ; short         ; -                   ; open           ; open             ; open   ; 0 in             ; 0 H/in                 ; 0 F/in                 ; short        ; open          ; open            ; open  ; 0 V                 ; -                  ; n/a           ; n/a             ; n/a         ;
+-------------------+--------------+-------------------+-------------------------+-------------------------+---------------+---------------------+----------------+------------------+--------+------------------+------------------------+------------------------+--------------+---------------+-----------------+-------+---------------------+--------------------+---------------+-----------------+-------------+


+-----------------------------------------------------------------------------------+
; Input Transition Times                                                            ;
+--------------------------------+--------------+-----------------+-----------------+
; Pin                            ; I/O Standard ; 10-90 Rise Time ; 90-10 Fall Time ;
+--------------------------------+--------------+-----------------+-----------------+
; i_edge_reset_mode_select[1]    ; 2.5 V        ; 2000 ps         ; 2000 ps         ;
; i_edge_reset_mode_select[0]    ; 2.5 V        ; 2000 ps         ; 2000 ps         ;
; i_resetin_timer                ; 2.5 V        ; 2000 ps         ; 2000 ps         ;
; i_macrocell_function_select[0] ; 2.5 V        ; 2000 ps         ; 2000 ps         ;
; i_macrocell_function_select[1] ; 2.5 V        ; 2000 ps         ; 2000 ps         ;
; i_in                           ; 2.5 V        ; 2000 ps         ; 2000 ps         ;
; i_reset_n                      ; 2.5 V        ; 2000 ps         ; 2000 ps         ;
; i_clks[0]                      ; 2.5 V        ; 2000 ps         ; 2000 ps         ;
; i_clks[1]                      ; 2.5 V        ; 2000 ps         ; 2000 ps         ;
; i_clk_source_mux[0]            ; 2.5 V        ; 2000 ps         ; 2000 ps         ;
; i_clks[2]                      ; 2.5 V        ; 2000 ps         ; 2000 ps         ;
; i_clks[3]                      ; 2.5 V        ; 2000 ps         ; 2000 ps         ;
; i_clk_source_mux[1]            ; 2.5 V        ; 2000 ps         ; 2000 ps         ;
; i_clks[4]                      ; 2.5 V        ; 2000 ps         ; 2000 ps         ;
; i_clks[5]                      ; 2.5 V        ; 2000 ps         ; 2000 ps         ;
; i_clks[6]                      ; 2.5 V        ; 2000 ps         ; 2000 ps         ;
; i_clks[7]                      ; 2.5 V        ; 2000 ps         ; 2000 ps         ;
; i_clk_source_mux[2]            ; 2.5 V        ; 2000 ps         ; 2000 ps         ;
; i_clks[8]                      ; 2.5 V        ; 2000 ps         ; 2000 ps         ;
; i_clks[9]                      ; 2.5 V        ; 2000 ps         ; 2000 ps         ;
; i_clks[10]                     ; 2.5 V        ; 2000 ps         ; 2000 ps         ;
; i_clks[11]                     ; 2.5 V        ; 2000 ps         ; 2000 ps         ;
; i_clks[12]                     ; 2.5 V        ; 2000 ps         ; 2000 ps         ;
; i_clks[13]                     ; 2.5 V        ; 2000 ps         ; 2000 ps         ;
; i_clks[14]                     ; 2.5 V        ; 2000 ps         ; 2000 ps         ;
; i_clks[15]                     ; 2.5 V        ; 2000 ps         ; 2000 ps         ;
; i_clk_source_mux[3]            ; 2.5 V        ; 2000 ps         ; 2000 ps         ;
; i_data_from_register[2]        ; 2.5 V        ; 2000 ps         ; 2000 ps         ;
; i_up                           ; 2.5 V        ; 2000 ps         ; 2000 ps         ;
; i_keep                         ; 2.5 V        ; 2000 ps         ; 2000 ps         ;
; i_reset_set_mode               ; 2.5 V        ; 2000 ps         ; 2000 ps         ;
; i_data_from_register[1]        ; 2.5 V        ; 2000 ps         ; 2000 ps         ;
; i_data_from_register[0]        ; 2.5 V        ; 2000 ps         ; 2000 ps         ;
; i_data_from_register[13]       ; 2.5 V        ; 2000 ps         ; 2000 ps         ;
; i_data_from_register[12]       ; 2.5 V        ; 2000 ps         ; 2000 ps         ;
; i_data_from_register[11]       ; 2.5 V        ; 2000 ps         ; 2000 ps         ;
; i_data_from_register[10]       ; 2.5 V        ; 2000 ps         ; 2000 ps         ;
; i_data_from_register[9]        ; 2.5 V        ; 2000 ps         ; 2000 ps         ;
; i_data_from_register[8]        ; 2.5 V        ; 2000 ps         ; 2000 ps         ;
; i_data_from_register[7]        ; 2.5 V        ; 2000 ps         ; 2000 ps         ;
; i_data_from_register[6]        ; 2.5 V        ; 2000 ps         ; 2000 ps         ;
; i_data_from_register[5]        ; 2.5 V        ; 2000 ps         ; 2000 ps         ;
; i_data_from_register[4]        ; 2.5 V        ; 2000 ps         ; 2000 ps         ;
; i_data_from_register[3]        ; 2.5 V        ; 2000 ps         ; 2000 ps         ;
+--------------------------------+--------------+-----------------+-----------------+


+------------------------------------------------------------------------------------------------------------------------------------------------------------------------------------------------------------------------------------------------------------------------------------------------------------------------------------------------------------------------------------------------------------------------------------------------------------------------------------------------------------------------------------------------------------------------------------------------------------------------------------------------------------------------------------------------+
; Signal Integrity Metrics (Slow 1100mv 0c Model)                                                                                                                                                                                                                                                                                                                                                                                                                                                                                                                                                                                                                                                ;
+-------------------+--------------+---------------------+---------------------+------------------------------+------------------------------+---------------------+---------------------+--------------------------------------+--------------------------------------+-----------------------------+-----------------------------+----------------------------+----------------------------+-----------------------------+-----------------------------+--------------------+--------------------+-------------------------------------+-------------------------------------+----------------------------+----------------------------+---------------------------+---------------------------+
; Pin               ; I/O Standard ; Board Delay on Rise ; Board Delay on Fall ; Steady State Voh at FPGA Pin ; Steady State Vol at FPGA Pin ; Voh Max at FPGA Pin ; Vol Min at FPGA Pin ; Ringback Voltage on Rise at FPGA Pin ; Ringback Voltage on Fall at FPGA Pin ; 10-90 Rise Time at FPGA Pin ; 90-10 Fall Time at FPGA Pin ; Monotonic Rise at FPGA Pin ; Monotonic Fall at FPGA Pin ; Steady State Voh at Far-end ; Steady State Vol at Far-end ; Voh Max at Far-end ; Vol Min at Far-end ; Ringback Voltage on Rise at Far-end ; Ringback Voltage on Fall at Far-end ; 10-90 Rise Time at Far-end ; 90-10 Fall Time at Far-end ; Monotonic Rise at Far-end ; Monotonic Fall at Far-end ;
+-------------------+--------------+---------------------+---------------------+------------------------------+------------------------------+---------------------+---------------------+--------------------------------------+--------------------------------------+-----------------------------+-----------------------------+----------------------------+----------------------------+-----------------------------+-----------------------------+--------------------+--------------------+-------------------------------------+-------------------------------------+----------------------------+----------------------------+---------------------------+---------------------------+
; o_edge_detect_out ; 2.5 V        ; 0 s                 ; 0 s                 ; 2.32 V                       ; 3.52e-07 V                   ; 2.42 V              ; -0.0557 V           ; 0.175 V                              ; 0.114 V                              ; 4.5e-10 s                   ; 4.35e-10 s                  ; No                         ; No                         ; 2.32 V                      ; 3.52e-07 V                  ; 2.42 V             ; -0.0557 V          ; 0.175 V                             ; 0.114 V                             ; 4.5e-10 s                  ; 4.35e-10 s                 ; No                        ; No                        ;
; o_out             ; 2.5 V        ; 0 s                 ; 0 s                 ; 2.32 V                       ; 3.52e-07 V                   ; 2.42 V              ; -0.0557 V           ; 0.175 V                              ; 0.114 V                              ; 4.5e-10 s                   ; 4.35e-10 s                  ; No                         ; No                         ; 2.32 V                      ; 3.52e-07 V                  ; 2.42 V             ; -0.0557 V          ; 0.175 V                             ; 0.114 V                             ; 4.5e-10 s                  ; 4.35e-10 s                 ; No                        ; No                        ;
+-------------------+--------------+---------------------+---------------------+------------------------------+------------------------------+---------------------+---------------------+--------------------------------------+--------------------------------------+-----------------------------+-----------------------------+----------------------------+----------------------------+-----------------------------+-----------------------------+--------------------+--------------------+-------------------------------------+-------------------------------------+----------------------------+----------------------------+---------------------------+---------------------------+


+------------------------------------------------------------------------------------------------------------------------------------------------------------------------------------------------------------------------------------------------------------------------------------------------------------------------------------------------------------------------------------------------------------------------------------------------------------------------------------------------------------------------------------------------------------------------------------------------------------------------------------------------------------------------------------------------+
; Signal Integrity Metrics (Slow 1100mv 85c Model)                                                                                                                                                                                                                                                                                                                                                                                                                                                                                                                                                                                                                                               ;
+-------------------+--------------+---------------------+---------------------+------------------------------+------------------------------+---------------------+---------------------+--------------------------------------+--------------------------------------+-----------------------------+-----------------------------+----------------------------+----------------------------+-----------------------------+-----------------------------+--------------------+--------------------+-------------------------------------+-------------------------------------+----------------------------+----------------------------+---------------------------+---------------------------+
; Pin               ; I/O Standard ; Board Delay on Rise ; Board Delay on Fall ; Steady State Voh at FPGA Pin ; Steady State Vol at FPGA Pin ; Voh Max at FPGA Pin ; Vol Min at FPGA Pin ; Ringback Voltage on Rise at FPGA Pin ; Ringback Voltage on Fall at FPGA Pin ; 10-90 Rise Time at FPGA Pin ; 90-10 Fall Time at FPGA Pin ; Monotonic Rise at FPGA Pin ; Monotonic Fall at FPGA Pin ; Steady State Voh at Far-end ; Steady State Vol at Far-end ; Voh Max at Far-end ; Vol Min at Far-end ; Ringback Voltage on Rise at Far-end ; Ringback Voltage on Fall at Far-end ; 10-90 Rise Time at Far-end ; 90-10 Fall Time at Far-end ; Monotonic Rise at Far-end ; Monotonic Fall at Far-end ;
+-------------------+--------------+---------------------+---------------------+------------------------------+------------------------------+---------------------+---------------------+--------------------------------------+--------------------------------------+-----------------------------+-----------------------------+----------------------------+----------------------------+-----------------------------+-----------------------------+--------------------+--------------------+-------------------------------------+-------------------------------------+----------------------------+----------------------------+---------------------------+---------------------------+
; o_edge_detect_out ; 2.5 V        ; 0 s                 ; 0 s                 ; 2.32 V                       ; 3.88e-05 V                   ; 2.39 V              ; -0.037 V            ; 0.188 V                              ; 0.158 V                              ; 4.67e-10 s                  ; 4.67e-10 s                  ; No                         ; Yes                        ; 2.32 V                      ; 3.88e-05 V                  ; 2.39 V             ; -0.037 V           ; 0.188 V                             ; 0.158 V                             ; 4.67e-10 s                 ; 4.67e-10 s                 ; No                        ; Yes                       ;
; o_out             ; 2.5 V        ; 0 s                 ; 0 s                 ; 2.32 V                       ; 3.88e-05 V                   ; 2.39 V              ; -0.037 V            ; 0.188 V                              ; 0.158 V                              ; 4.67e-10 s                  ; 4.67e-10 s                  ; No                         ; Yes                        ; 2.32 V                      ; 3.88e-05 V                  ; 2.39 V             ; -0.037 V           ; 0.188 V                             ; 0.158 V                             ; 4.67e-10 s                 ; 4.67e-10 s                 ; No                        ; Yes                       ;
+-------------------+--------------+---------------------+---------------------+------------------------------+------------------------------+---------------------+---------------------+--------------------------------------+--------------------------------------+-----------------------------+-----------------------------+----------------------------+----------------------------+-----------------------------+-----------------------------+--------------------+--------------------+-------------------------------------+-------------------------------------+----------------------------+----------------------------+---------------------------+---------------------------+


+------------------------------------------------------------------------------------------------------------------------------------------------------------------------------------------------------------------------------------------------------------------------------------------------------------------------------------------------------------------------------------------------------------------------------------------------------------------------------------------------------------------------------------------------------------------------------------------------------------------------------------------------------------------------------------------------+
; Signal Integrity Metrics (Fast 1100mv 0c Model)                                                                                                                                                                                                                                                                                                                                                                                                                                                                                                                                                                                                                                                ;
+-------------------+--------------+---------------------+---------------------+------------------------------+------------------------------+---------------------+---------------------+--------------------------------------+--------------------------------------+-----------------------------+-----------------------------+----------------------------+----------------------------+-----------------------------+-----------------------------+--------------------+--------------------+-------------------------------------+-------------------------------------+----------------------------+----------------------------+---------------------------+---------------------------+
; Pin               ; I/O Standard ; Board Delay on Rise ; Board Delay on Fall ; Steady State Voh at FPGA Pin ; Steady State Vol at FPGA Pin ; Voh Max at FPGA Pin ; Vol Min at FPGA Pin ; Ringback Voltage on Rise at FPGA Pin ; Ringback Voltage on Fall at FPGA Pin ; 10-90 Rise Time at FPGA Pin ; 90-10 Fall Time at FPGA Pin ; Monotonic Rise at FPGA Pin ; Monotonic Fall at FPGA Pin ; Steady State Voh at Far-end ; Steady State Vol at Far-end ; Voh Max at Far-end ; Vol Min at Far-end ; Ringback Voltage on Rise at Far-end ; Ringback Voltage on Fall at Far-end ; 10-90 Rise Time at Far-end ; 90-10 Fall Time at Far-end ; Monotonic Rise at Far-end ; Monotonic Fall at Far-end ;
+-------------------+--------------+---------------------+---------------------+------------------------------+------------------------------+---------------------+---------------------+--------------------------------------+--------------------------------------+-----------------------------+-----------------------------+----------------------------+----------------------------+-----------------------------+-----------------------------+--------------------+--------------------+-------------------------------------+-------------------------------------+----------------------------+----------------------------+---------------------------+---------------------------+
; o_edge_detect_out ; 2.5 V        ; 0 s                 ; 0 s                 ; 2.75 V                       ; 4.14e-06 V                   ; 2.91 V              ; -0.121 V            ; 0.326 V                              ; 0.297 V                              ; 2.74e-10 s                  ; 2.8e-10 s                   ; No                         ; No                         ; 2.75 V                      ; 4.14e-06 V                  ; 2.91 V             ; -0.121 V           ; 0.326 V                             ; 0.297 V                             ; 2.74e-10 s                 ; 2.8e-10 s                  ; No                        ; No                        ;
; o_out             ; 2.5 V        ; 0 s                 ; 0 s                 ; 2.75 V                       ; 4.14e-06 V                   ; 2.91 V              ; -0.121 V            ; 0.326 V                              ; 0.297 V                              ; 2.74e-10 s                  ; 2.8e-10 s                   ; No                         ; No                         ; 2.75 V                      ; 4.14e-06 V                  ; 2.91 V             ; -0.121 V           ; 0.326 V                             ; 0.297 V                             ; 2.74e-10 s                 ; 2.8e-10 s                  ; No                        ; No                        ;
+-------------------+--------------+---------------------+---------------------+------------------------------+------------------------------+---------------------+---------------------+--------------------------------------+--------------------------------------+-----------------------------+-----------------------------+----------------------------+----------------------------+-----------------------------+-----------------------------+--------------------+--------------------+-------------------------------------+-------------------------------------+----------------------------+----------------------------+---------------------------+---------------------------+


+------------------------------------------------------------------------------------------------------------------------------------------------------------------------------------------------------------------------------------------------------------------------------------------------------------------------------------------------------------------------------------------------------------------------------------------------------------------------------------------------------------------------------------------------------------------------------------------------------------------------------------------------------------------------------------------------+
; Signal Integrity Metrics (Fast 1100mv 85c Model)                                                                                                                                                                                                                                                                                                                                                                                                                                                                                                                                                                                                                                               ;
+-------------------+--------------+---------------------+---------------------+------------------------------+------------------------------+---------------------+---------------------+--------------------------------------+--------------------------------------+-----------------------------+-----------------------------+----------------------------+----------------------------+-----------------------------+-----------------------------+--------------------+--------------------+-------------------------------------+-------------------------------------+----------------------------+----------------------------+---------------------------+---------------------------+
; Pin               ; I/O Standard ; Board Delay on Rise ; Board Delay on Fall ; Steady State Voh at FPGA Pin ; Steady State Vol at FPGA Pin ; Voh Max at FPGA Pin ; Vol Min at FPGA Pin ; Ringback Voltage on Rise at FPGA Pin ; Ringback Voltage on Fall at FPGA Pin ; 10-90 Rise Time at FPGA Pin ; 90-10 Fall Time at FPGA Pin ; Monotonic Rise at FPGA Pin ; Monotonic Fall at FPGA Pin ; Steady State Voh at Far-end ; Steady State Vol at Far-end ; Voh Max at Far-end ; Vol Min at Far-end ; Ringback Voltage on Rise at Far-end ; Ringback Voltage on Fall at Far-end ; 10-90 Rise Time at Far-end ; 90-10 Fall Time at Far-end ; Monotonic Rise at Far-end ; Monotonic Fall at Far-end ;
+-------------------+--------------+---------------------+---------------------+------------------------------+------------------------------+---------------------+---------------------+--------------------------------------+--------------------------------------+-----------------------------+-----------------------------+----------------------------+----------------------------+-----------------------------+-----------------------------+--------------------+--------------------+-------------------------------------+-------------------------------------+----------------------------+----------------------------+---------------------------+---------------------------+
; o_edge_detect_out ; 2.5 V        ; 0 s                 ; 0 s                 ; 2.75 V                       ; 0.000242 V                   ; 2.86 V              ; -0.0814 V           ; 0.36 V                               ; 0.156 V                              ; 3e-10 s                     ; 4.34e-10 s                  ; No                         ; No                         ; 2.75 V                      ; 0.000242 V                  ; 2.86 V             ; -0.0814 V          ; 0.36 V                              ; 0.156 V                             ; 3e-10 s                    ; 4.34e-10 s                 ; No                        ; No                        ;
; o_out             ; 2.5 V        ; 0 s                 ; 0 s                 ; 2.75 V                       ; 0.000242 V                   ; 2.86 V              ; -0.0814 V           ; 0.36 V                               ; 0.156 V                              ; 3e-10 s                     ; 4.34e-10 s                  ; No                         ; No                         ; 2.75 V                      ; 0.000242 V                  ; 2.86 V             ; -0.0814 V          ; 0.36 V                              ; 0.156 V                             ; 3e-10 s                    ; 4.34e-10 s                 ; No                        ; No                        ;
+-------------------+--------------+---------------------+---------------------+------------------------------+------------------------------+---------------------+---------------------+--------------------------------------+--------------------------------------+-----------------------------+-----------------------------+----------------------------+----------------------------+-----------------------------+-----------------------------+--------------------+--------------------+-------------------------------------+-------------------------------------+----------------------------+----------------------------+---------------------------+---------------------------+


+-------------------------------------------------------------------------------------------------------+
; Setup Transfers                                                                                       ;
+-----------------------------+-----------------------------+----------+----------+----------+----------+
; From Clock                  ; To Clock                    ; RR Paths ; FR Paths ; RF Paths ; FF Paths ;
+-----------------------------+-----------------------------+----------+----------+----------+----------+
; i_clk_source_mux[0]         ; i_clk_source_mux[0]         ; 2467     ; 812      ; 0        ; 0        ;
; i_edge_reset_mode_select[0] ; i_clk_source_mux[0]         ; 2486     ; 3310     ; 0        ; 0        ;
; i_clk_source_mux[0]         ; i_edge_reset_mode_select[0] ; 0        ; 0        ; 14       ; 14       ;
; i_edge_reset_mode_select[0] ; i_edge_reset_mode_select[0] ; 1        ; 1        ; 28       ; 28       ;
+-----------------------------+-----------------------------+----------+----------+----------+----------+
Entries labeled "false path" only account for clock-to-clock false paths and not path-based false paths. As a result, actual path counts may be lower than reported.


+-------------------------------------------------------------------------------------------------------+
; Hold Transfers                                                                                        ;
+-----------------------------+-----------------------------+----------+----------+----------+----------+
; From Clock                  ; To Clock                    ; RR Paths ; FR Paths ; RF Paths ; FF Paths ;
+-----------------------------+-----------------------------+----------+----------+----------+----------+
; i_clk_source_mux[0]         ; i_clk_source_mux[0]         ; 2467     ; 812      ; 0        ; 0        ;
; i_edge_reset_mode_select[0] ; i_clk_source_mux[0]         ; 2486     ; 3310     ; 0        ; 0        ;
; i_clk_source_mux[0]         ; i_edge_reset_mode_select[0] ; 0        ; 0        ; 14       ; 14       ;
; i_edge_reset_mode_select[0] ; i_edge_reset_mode_select[0] ; 1        ; 1        ; 28       ; 28       ;
+-----------------------------+-----------------------------+----------+----------+----------+----------+
Entries labeled "false path" only account for clock-to-clock false paths and not path-based false paths. As a result, actual path counts may be lower than reported.


+-----------------------------------------------------------------------------------------------+
; Recovery Transfers                                                                            ;
+-----------------------------+---------------------+----------+----------+----------+----------+
; From Clock                  ; To Clock            ; RR Paths ; FR Paths ; RF Paths ; FF Paths ;
+-----------------------------+---------------------+----------+----------+----------+----------+
; i_clk_source_mux[0]         ; i_clk_source_mux[0] ; 14       ; 0        ; 1        ; 0        ;
; i_edge_reset_mode_select[0] ; i_clk_source_mux[0] ; 18       ; 18       ; 2        ; 2        ;
+-----------------------------+---------------------+----------+----------+----------+----------+
Entries labeled "false path" only account for clock-to-clock false paths and not path-based false paths. As a result, actual path counts may be lower than reported.


+-----------------------------------------------------------------------------------------------+
; Removal Transfers                                                                             ;
+-----------------------------+---------------------+----------+----------+----------+----------+
; From Clock                  ; To Clock            ; RR Paths ; FR Paths ; RF Paths ; FF Paths ;
+-----------------------------+---------------------+----------+----------+----------+----------+
; i_clk_source_mux[0]         ; i_clk_source_mux[0] ; 14       ; 0        ; 1        ; 0        ;
; i_edge_reset_mode_select[0] ; i_clk_source_mux[0] ; 18       ; 18       ; 2        ; 2        ;
+-----------------------------+---------------------+----------+----------+----------+----------+
Entries labeled "false path" only account for clock-to-clock false paths and not path-based false paths. As a result, actual path counts may be lower than reported.


---------------
; Report TCCS ;
---------------
No dedicated SERDES Transmitter circuitry present in device or used in design


---------------
; Report RSKM ;
---------------
No non-DPA dedicated SERDES Receiver circuitry present in device or used in design


+------------------------------------------------+
; Unconstrained Paths Summary                    ;
+---------------------------------+-------+------+
; Property                        ; Setup ; Hold ;
+---------------------------------+-------+------+
; Illegal Clocks                  ; 0     ; 0    ;
; Unconstrained Clocks            ; 0     ; 0    ;
; Unconstrained Input Ports       ; 24    ; 24   ;
; Unconstrained Input Port Paths  ; 610   ; 610  ;
; Unconstrained Output Ports      ; 2     ; 2    ;
; Unconstrained Output Port Paths ; 60    ; 60   ;
+---------------------------------+-------+------+


+--------------------------------------------------------------------------------+
; Clock Status Summary                                                           ;
+-----------------------------+-----------------------------+------+-------------+
; Target                      ; Clock                       ; Type ; Status      ;
+-----------------------------+-----------------------------+------+-------------+
; i_clk_source_mux[0]         ; i_clk_source_mux[0]         ; Base ; Constrained ;
; i_edge_reset_mode_select[0] ; i_edge_reset_mode_select[0] ; Base ; Constrained ;
+-----------------------------+-----------------------------+------+-------------+


+-----------------------------------------------------------------------------------------------------------------------+
; Unconstrained Input Ports                                                                                             ;
+--------------------------------+--------------------------------------------------------------------------------------+
; Input Port                     ; Comment                                                                              ;
+--------------------------------+--------------------------------------------------------------------------------------+
; i_data_from_register[0]        ; No input delay, min/max delays, false-path exceptions, or max skew assignments found ;
; i_data_from_register[1]        ; No input delay, min/max delays, false-path exceptions, or max skew assignments found ;
; i_data_from_register[2]        ; No input delay, min/max delays, false-path exceptions, or max skew assignments found ;
; i_data_from_register[3]        ; No input delay, min/max delays, false-path exceptions, or max skew assignments found ;
; i_data_from_register[4]        ; No input delay, min/max delays, false-path exceptions, or max skew assignments found ;
; i_data_from_register[5]        ; No input delay, min/max delays, false-path exceptions, or max skew assignments found ;
; i_data_from_register[6]        ; No input delay, min/max delays, false-path exceptions, or max skew assignments found ;
; i_data_from_register[7]        ; No input delay, min/max delays, false-path exceptions, or max skew assignments found ;
; i_data_from_register[8]        ; No input delay, min/max delays, false-path exceptions, or max skew assignments found ;
; i_data_from_register[9]        ; No input delay, min/max delays, false-path exceptions, or max skew assignments found ;
; i_data_from_register[10]       ; No input delay, min/max delays, false-path exceptions, or max skew assignments found ;
; i_data_from_register[11]       ; No input delay, min/max delays, false-path exceptions, or max skew assignments found ;
; i_data_from_register[12]       ; No input delay, min/max delays, false-path exceptions, or max skew assignments found ;
; i_data_from_register[13]       ; No input delay, min/max delays, false-path exceptions, or max skew assignments found ;
; i_edge_reset_mode_select[0]    ; No input delay, min/max delays, false-path exceptions, or max skew assignments found ;
; i_edge_reset_mode_select[1]    ; No input delay, min/max delays, false-path exceptions, or max skew assignments found ;
; i_in                           ; No input delay, min/max delays, false-path exceptions, or max skew assignments found ;
; i_keep                         ; No input delay, min/max delays, false-path exceptions, or max skew assignments found ;
; i_macrocell_function_select[0] ; No input delay, min/max delays, false-path exceptions, or max skew assignments found ;
; i_macrocell_function_select[1] ; No input delay, min/max delays, false-path exceptions, or max skew assignments found ;
; i_reset_n                      ; No input delay, min/max delays, false-path exceptions, or max skew assignments found ;
; i_reset_set_mode               ; No input delay, min/max delays, false-path exceptions, or max skew assignments found ;
; i_resetin_timer                ; No input delay, min/max delays, false-path exceptions, or max skew assignments found ;
; i_up                           ; No input delay, min/max delays, false-path exceptions, or max skew assignments found ;
+--------------------------------+--------------------------------------------------------------------------------------+


+-----------------------------------------------------------------------------------------------------------+
; Unconstrained Output Ports                                                                                ;
+-------------------+---------------------------------------------------------------------------------------+
; Output Port       ; Comment                                                                               ;
+-------------------+---------------------------------------------------------------------------------------+
; o_edge_detect_out ; No output delay, min/max delays, false-path exceptions, or max skew assignments found ;
; o_out             ; No output delay, min/max delays, false-path exceptions, or max skew assignments found ;
+-------------------+---------------------------------------------------------------------------------------+


+-----------------------------------------------------------------------------------------------------------------------+
; Unconstrained Input Ports                                                                                             ;
+--------------------------------+--------------------------------------------------------------------------------------+
; Input Port                     ; Comment                                                                              ;
+--------------------------------+--------------------------------------------------------------------------------------+
; i_data_from_register[0]        ; No input delay, min/max delays, false-path exceptions, or max skew assignments found ;
; i_data_from_register[1]        ; No input delay, min/max delays, false-path exceptions, or max skew assignments found ;
; i_data_from_register[2]        ; No input delay, min/max delays, false-path exceptions, or max skew assignments found ;
; i_data_from_register[3]        ; No input delay, min/max delays, false-path exceptions, or max skew assignments found ;
; i_data_from_register[4]        ; No input delay, min/max delays, false-path exceptions, or max skew assignments found ;
; i_data_from_register[5]        ; No input delay, min/max delays, false-path exceptions, or max skew assignments found ;
; i_data_from_register[6]        ; No input delay, min/max delays, false-path exceptions, or max skew assignments found ;
; i_data_from_register[7]        ; No input delay, min/max delays, false-path exceptions, or max skew assignments found ;
; i_data_from_register[8]        ; No input delay, min/max delays, false-path exceptions, or max skew assignments found ;
; i_data_from_register[9]        ; No input delay, min/max delays, false-path exceptions, or max skew assignments found ;
; i_data_from_register[10]       ; No input delay, min/max delays, false-path exceptions, or max skew assignments found ;
; i_data_from_register[11]       ; No input delay, min/max delays, false-path exceptions, or max skew assignments found ;
; i_data_from_register[12]       ; No input delay, min/max delays, false-path exceptions, or max skew assignments found ;
; i_data_from_register[13]       ; No input delay, min/max delays, false-path exceptions, or max skew assignments found ;
; i_edge_reset_mode_select[0]    ; No input delay, min/max delays, false-path exceptions, or max skew assignments found ;
; i_edge_reset_mode_select[1]    ; No input delay, min/max delays, false-path exceptions, or max skew assignments found ;
; i_in                           ; No input delay, min/max delays, false-path exceptions, or max skew assignments found ;
; i_keep                         ; No input delay, min/max delays, false-path exceptions, or max skew assignments found ;
; i_macrocell_function_select[0] ; No input delay, min/max delays, false-path exceptions, or max skew assignments found ;
; i_macrocell_function_select[1] ; No input delay, min/max delays, false-path exceptions, or max skew assignments found ;
; i_reset_n                      ; No input delay, min/max delays, false-path exceptions, or max skew assignments found ;
; i_reset_set_mode               ; No input delay, min/max delays, false-path exceptions, or max skew assignments found ;
; i_resetin_timer                ; No input delay, min/max delays, false-path exceptions, or max skew assignments found ;
; i_up                           ; No input delay, min/max delays, false-path exceptions, or max skew assignments found ;
+--------------------------------+--------------------------------------------------------------------------------------+


+-----------------------------------------------------------------------------------------------------------+
; Unconstrained Output Ports                                                                                ;
+-------------------+---------------------------------------------------------------------------------------+
; Output Port       ; Comment                                                                               ;
+-------------------+---------------------------------------------------------------------------------------+
; o_edge_detect_out ; No output delay, min/max delays, false-path exceptions, or max skew assignments found ;
; o_out             ; No output delay, min/max delays, false-path exceptions, or max skew assignments found ;
+-------------------+---------------------------------------------------------------------------------------+


+--------------------------+
; Timing Analyzer Messages ;
+--------------------------+
Info: *******************************************************************
Info: Running Quartus Prime Timing Analyzer
    Info: Version 18.1.0 Build 625 09/12/2018 SJ Standard Edition
    Info: Processing started: Sun Sep 12 13:40:18 2021
Info: Command: quartus_sta cnt_dly_SLG46620 -c cnt_dly_SLG46620
Info: qsta_default_script.tcl version: #1
Info (20030): Parallel compilation is enabled and will use 4 of the 4 processors detected
Info (21077): Low junction temperature is 0 degrees C
Info (21077): High junction temperature is 85 degrees C
Warning (335093): The Timing Analyzer is analyzing 17 combinational loops as latches. For more details, run the Check Timing command in the Timing Analyzer or view the "User-Specified and Inferred Latches" table in the Analysis & Synthesis report.
Critical Warning (332012): Synopsys Design Constraints File file not found: 'cnt_dly_SLG46620.sdc'. A Synopsys Design Constraints File is required by the Timing Analyzer to get proper timing constraints. Without it, the Compiler will not properly optimize the design.
Info (332142): No user constrained base clocks found in the design. Calling "derive_clocks -period 1.0"
Info (332105): Deriving Clocks
    Info (332105): create_clock -period 1.000 -name i_clk_source_mux[0] i_clk_source_mux[0]
    Info (332105): create_clock -period 1.000 -name i_edge_reset_mode_select[0] i_edge_reset_mode_select[0]
Info (332097): The following timing edges are non-unate.  The Timing Analyzer will assume pos-unate behavior for these edges in the clock network.
    Info (332098): Cell: Mux0~0  from: dataf  to: combout
    Info (332098): Cell: Mux0~10  from: dataf  to: combout
    Info (332098): Cell: Mux0~11  from: dataf  to: combout
    Info (332098): Cell: Mux0~1  from: dataf  to: combout
    Info (332098): Cell: Mux0~3  from: dataf  to: combout
    Info (332098): Cell: Mux0~4  from: dataf  to: combout
    Info (332098): Cell: Mux0~7  from: dataf  to: combout
    Info (332098): Cell: Mux0~8  from: dataf  to: combout
    Info (332098): Cell: dly_mode_inst|o_cnt_reset~0  from: dataf  to: combout
    Info (332098): Cell: main_counter_reset~0  from: dataa  to: combout
Info (332143): No user constrained clock uncertainty found in the design. Calling "derive_clock_uncertainty"
Info (332123): Deriving Clock Uncertainty. Please refer to report_sdc in the Timing Analyzer to see clock uncertainties.
Info: Found TIMING_ANALYZER_REPORT_SCRIPT_INCLUDE_DEFAULT_ANALYSIS = ON
Info: Analyzing Slow 1100mV 85C Model
Critical Warning (332148): Timing requirements not met
    Info (11105): For recommendations on closing timing, run Report Timing Closure Recommendations in the Timing Analyzer.
Info (332146): Worst-case setup slack is -9.555
    Info (332119):     Slack       End Point TNS Clock 
    Info (332119): ========= =================== =====================
    Info (332119):    -9.555            -139.766 i_clk_source_mux[0] 
    Info (332119):    -7.665            -103.263 i_edge_reset_mode_select[0] 
Info (332146): Worst-case hold slack is -2.894
    Info (332119):     Slack       End Point TNS Clock 
    Info (332119): ========= =================== =====================
    Info (332119):    -2.894              -5.983 i_clk_source_mux[0] 
    Info (332119):     0.063               0.000 i_edge_reset_mode_select[0] 
Info (332146): Worst-case recovery slack is -4.587
    Info (332119):     Slack       End Point TNS Clock 
    Info (332119): ========= =================== =====================
    Info (332119):    -4.587             -46.095 i_clk_source_mux[0] 
Info (332146): Worst-case removal slack is -2.764
    Info (332119):     Slack       End Point TNS Clock 
    Info (332119): ========= =================== =====================
    Info (332119):    -2.764             -35.696 i_clk_source_mux[0] 
Info (332146): Worst-case minimum pulse width slack is -1.273
    Info (332119):     Slack       End Point TNS Clock 
    Info (332119): ========= =================== =====================
    Info (332119):    -1.273             -70.502 i_clk_source_mux[0] 
    Info (332119):    -0.170              -0.297 i_edge_reset_mode_select[0] 
Info: Analyzing Slow 1100mV 0C Model
Info (334003): Started post-fitting delay annotation
Info (334004): Delay annotation completed successfully
Info (332097): The following timing edges are non-unate.  The Timing Analyzer will assume pos-unate behavior for these edges in the clock network.
    Info (332098): Cell: Mux0~0  from: dataf  to: combout
    Info (332098): Cell: Mux0~10  from: dataf  to: combout
    Info (332098): Cell: Mux0~11  from: dataf  to: combout
    Info (332098): Cell: Mux0~1  from: dataf  to: combout
    Info (332098): Cell: Mux0~3  from: dataf  to: combout
    Info (332098): Cell: Mux0~4  from: dataf  to: combout
    Info (332098): Cell: Mux0~7  from: dataf  to: combout
    Info (332098): Cell: Mux0~8  from: dataf  to: combout
    Info (332098): Cell: dly_mode_inst|o_cnt_reset~0  from: dataf  to: combout
    Info (332098): Cell: main_counter_reset~0  from: dataa  to: combout
Info (332123): Deriving Clock Uncertainty. Please refer to report_sdc in the Timing Analyzer to see clock uncertainties.
Critical Warning (332148): Timing requirements not met
    Info (11105): For recommendations on closing timing, run Report Timing Closure Recommendations in the Timing Analyzer.
Info (332146): Worst-case setup slack is -9.301
    Info (332119):     Slack       End Point TNS Clock 
    Info (332119): ========= =================== =====================
    Info (332119):    -9.301            -137.179 i_clk_source_mux[0] 
    Info (332119):    -7.442             -99.496 i_edge_reset_mode_select[0] 
Info (332146): Worst-case hold slack is -2.733
    Info (332119):     Slack       End Point TNS Clock 
    Info (332119): ========= =================== =====================
    Info (332119):    -2.733              -5.268 i_clk_source_mux[0] 
    Info (332119):     0.039               0.000 i_edge_reset_mode_select[0] 
Info (332146): Worst-case recovery slack is -4.486
    Info (332119):     Slack       End Point TNS Clock 
    Info (332119): ========= =================== =====================
    Info (332119):    -4.486             -44.488 i_clk_source_mux[0] 
Info (332146): Worst-case removal slack is -2.551
    Info (332119):     Slack       End Point TNS Clock 
    Info (332119): ========= =================== =====================
    Info (332119):    -2.551             -33.154 i_clk_source_mux[0] 
Info (332146): Worst-case minimum pulse width slack is -1.312
    Info (332119):     Slack       End Point TNS Clock 
    Info (332119): ========= =================== =====================
    Info (332119):    -1.312             -72.011 i_clk_source_mux[0] 
    Info (332119):    -0.123              -0.244 i_edge_reset_mode_select[0] 
Info: Analyzing Fast 1100mV 85C Model
Info (334003): Started post-fitting delay annotation
Info (334004): Delay annotation completed successfully
Info (332097): The following timing edges are non-unate.  The Timing Analyzer will assume pos-unate behavior for these edges in the clock network.
    Info (332098): Cell: Mux0~0  from: dataf  to: combout
    Info (332098): Cell: Mux0~10  from: dataf  to: combout
    Info (332098): Cell: Mux0~11  from: dataf  to: combout
    Info (332098): Cell: Mux0~1  from: dataf  to: combout
    Info (332098): Cell: Mux0~3  from: dataf  to: combout
    Info (332098): Cell: Mux0~4  from: dataf  to: combout
    Info (332098): Cell: Mux0~7  from: dataf  to: combout
    Info (332098): Cell: Mux0~8  from: dataf  to: combout
    Info (332098): Cell: dly_mode_inst|o_cnt_reset~0  from: dataf  to: combout
    Info (332098): Cell: main_counter_reset~0  from: dataa  to: combout
Info (332123): Deriving Clock Uncertainty. Please refer to report_sdc in the Timing Analyzer to see clock uncertainties.
Critical Warning (332148): Timing requirements not met
    Info (11105): For recommendations on closing timing, run Report Timing Closure Recommendations in the Timing Analyzer.
Info (332146): Worst-case setup slack is -5.782
    Info (332119):     Slack       End Point TNS Clock 
    Info (332119): ========= =================== =====================
    Info (332119):    -5.782             -84.220 i_clk_source_mux[0] 
    Info (332119):    -4.021             -53.735 i_edge_reset_mode_select[0] 
Info (332146): Worst-case hold slack is -1.704
    Info (332119):     Slack       End Point TNS Clock 
    Info (332119): ========= =================== =====================
    Info (332119):    -1.704              -2.700 i_clk_source_mux[0] 
    Info (332119):     0.101               0.000 i_edge_reset_mode_select[0] 
Info (332146): Worst-case recovery slack is -3.423
    Info (332119):     Slack       End Point TNS Clock 
    Info (332119): ========= =================== =====================
    Info (332119):    -3.423             -22.652 i_clk_source_mux[0] 
Info (332146): Worst-case removal slack is -1.725
    Info (332119):     Slack       End Point TNS Clock 
    Info (332119): ========= =================== =====================
    Info (332119):    -1.725             -22.695 i_clk_source_mux[0] 
Info (332146): Worst-case minimum pulse width slack is -0.815
    Info (332119):     Slack       End Point TNS Clock 
    Info (332119): ========= =================== =====================
    Info (332119):    -0.815             -23.101 i_clk_source_mux[0] 
    Info (332119):    -0.378              -4.011 i_edge_reset_mode_select[0] 
Info: Analyzing Fast 1100mV 0C Model
Info (332097): The following timing edges are non-unate.  The Timing Analyzer will assume pos-unate behavior for these edges in the clock network.
    Info (332098): Cell: Mux0~0  from: dataf  to: combout
    Info (332098): Cell: Mux0~10  from: dataf  to: combout
    Info (332098): Cell: Mux0~11  from: dataf  to: combout
    Info (332098): Cell: Mux0~1  from: dataf  to: combout
    Info (332098): Cell: Mux0~3  from: dataf  to: combout
    Info (332098): Cell: Mux0~4  from: dataf  to: combout
    Info (332098): Cell: Mux0~7  from: dataf  to: combout
    Info (332098): Cell: Mux0~8  from: dataf  to: combout
    Info (332098): Cell: dly_mode_inst|o_cnt_reset~0  from: dataf  to: combout
    Info (332098): Cell: main_counter_reset~0  from: dataa  to: combout
Info (332123): Deriving Clock Uncertainty. Please refer to report_sdc in the Timing Analyzer to see clock uncertainties.
Critical Warning (332148): Timing requirements not met
    Info (11105): For recommendations on closing timing, run Report Timing Closure Recommendations in the Timing Analyzer.
Info (332146): Worst-case setup slack is -5.213
    Info (332119):     Slack       End Point TNS Clock 
    Info (332119): ========= =================== =====================
    Info (332119):    -5.213             -76.246 i_clk_source_mux[0] 
    Info (332119):    -3.529             -47.319 i_edge_reset_mode_select[0] 
Info (332146): Worst-case hold slack is -1.571
    Info (332119):     Slack       End Point TNS Clock 
    Info (332119): ========= =================== =====================
    Info (332119):    -1.571              -2.195 i_clk_source_mux[0] 
    Info (332119):     0.065               0.000 i_edge_reset_mode_select[0] 
Info (332146): Worst-case recovery slack is -3.022
    Info (332119):     Slack       End Point TNS Clock 
    Info (332119): ========= =================== =====================
    Info (332119):    -3.022             -19.290 i_clk_source_mux[0] 
Info (332146): Worst-case removal slack is -1.560
    Info (332119):     Slack       End Point TNS Clock 
    Info (332119): ========= =================== =====================
    Info (332119):    -1.560             -20.746 i_clk_source_mux[0] 
Info (332146): Worst-case minimum pulse width slack is -0.781
    Info (332119):     Slack       End Point TNS Clock 
    Info (332119): ========= =================== =====================
    Info (332119):    -0.781             -22.365 i_clk_source_mux[0] 
    Info (332119):    -0.291              -3.158 i_edge_reset_mode_select[0] 
Info (332102): Design is not fully constrained for setup requirements
Info (332102): Design is not fully constrained for hold requirements
Info: Quartus Prime Timing Analyzer was successful. 0 errors, 6 warnings
    Info: Peak virtual memory: 5060 megabytes
    Info: Processing ended: Sun Sep 12 13:40:23 2021
    Info: Elapsed time: 00:00:05
    Info: Total CPU time (on all processors): 00:00:05


